[2025-08-19 20:19:35] INFO: GET /notes 304 - 70ms
[2025-08-19 20:36:03] INFO: GET /notes 304 - 73ms
[2025-08-19 20:36:09] INFO: GET /notes 304 - 7ms
[2025-08-19 20:36:18] INFO: GET /notes? 200 - 6ms
[2025-08-19 20:36:37] INFO: GET /notes? 304 - 5ms
[2025-08-19 20:40:29] INFO: GET /notes? 304 - 67ms
[2025-08-19 20:41:32] INFO: GET /notes? 304 - 9ms
[2025-08-19 20:43:23] INFO: GET /notes? 304 - 64ms
[2025-08-19 20:44:59] INFO: GET /notes? 200 - 8ms
[2025-08-19 20:44:59] INFO: GET /main.js 404 - 2ms
[2025-08-19 20:45:04] INFO: GET /notes? 304 - 5ms
[2025-08-19 20:45:04] INFO: GET /main.js 404 - 2ms
[2025-08-19 20:45:30] INFO: GET /notes? 200 - 6ms
[2025-08-19 20:45:31] INFO: GET /notes/api?page=1&limit=5 304 - 16ms
[2025-08-19 20:45:35] INFO: GET /notes/api/search?query=universty 200 - 6ms
[2025-08-19 20:45:41] INFO: GET /notes/api?page=1&limit=5 304 - 8ms
[2025-08-19 20:45:45] INFO: GET /notes/api?page=2&limit=5 200 - 5ms
[2025-08-19 20:45:46] INFO: GET /notes/api?page=1&limit=5 304 - 5ms
[2025-08-19 20:45:49] INFO: DELETE /notes/api/68a0446c56e8418c23fa937a 200 - 6ms
[2025-08-19 20:45:49] INFO: GET /notes/api?page=1&limit=5 200 - 8ms
[2025-08-20 08:15:44] INFO: GET / 302 - 9ms
[2025-08-20 08:15:44] INFO: GET /notes 200 - 103ms
[2025-08-20 08:15:45] INFO: GET /notes/api?page=1&limit=5 304 - 20ms
[2025-08-20 08:15:45] INFO: GET /favicon.ico 404 - 3ms
[2025-08-20 08:21:49] INFO: GET /notes 304 - 60ms
[2025-08-20 08:21:49] INFO: GET /notes/api?page=1&limit=5 304 - 18ms
[2025-08-20 08:22:04] INFO: GET /notes? 200 - 6ms
[2025-08-20 08:22:04] INFO: GET /notes/api?page=1&limit=5 304 - 10ms
[2025-08-20 08:22:36] INFO: GET /notes? 304 - 6ms
[2025-08-20 08:22:36] INFO: GET /notes/api?page=1&limit=5 304 - 13ms
[2025-08-20 08:23:31] INFO: GET /notes? 304 - 76ms
[2025-08-20 08:23:32] INFO: GET /notes/api?page=1&limit=5 304 - 20ms
[2025-08-20 08:23:40] INFO: GET /.well-known/appspecific/com.chrome.devtools.json 404 - 3ms
[2025-08-20 08:23:49] INFO: GET /notes? 304 - 13ms
[2025-08-20 08:23:49] INFO: GET /.well-known/appspecific/com.chrome.devtools.json 404 - 3ms
[2025-08-20 08:23:49] INFO: GET /notes/api?page=1&limit=5 304 - 11ms
[2025-08-20 08:26:36] INFO: GET /notes? 304 - 99ms
[2025-08-20 08:26:37] INFO: GET /notes/api?page=1&limit=5 304 - 20ms
[2025-08-20 08:26:48] INFO: GET /notes? 304 - 9ms
[2025-08-20 08:26:48] INFO: GET /notes/api?page=1&limit=5 304 - 13ms
[2025-08-20 08:27:57] INFO: DELETE /notes/api/689ec84bba260be2c3033e0b 200 - 14ms
[2025-08-20 08:27:57] INFO: GET /notes/api?page=1&limit=5 200 - 14ms
[2025-08-20 08:29:59] INFO: GET /notes/api/search?query=bahaa 200 - 28ms
[2025-08-20 08:30:03] INFO: GET /notes/api?page=1&limit=5 304 - 10ms
[2025-08-20 08:30:12] INFO: GET /notes? 200 - 54ms
[2025-08-20 08:30:13] INFO: GET /notes/api?page=1&limit=5 304 - 8ms
[2025-08-20 08:30:24] INFO: GET /.well-known/appspecific/com.chrome.devtools.json 404 - 2ms
[2025-08-20 08:30:31] INFO: GET /notes? 304 - 6ms
[2025-08-20 08:30:31] INFO: GET /.well-known/appspecific/com.chrome.devtools.json 404 - 2ms
[2025-08-20 08:30:32] INFO: GET /notes/api?page=1&limit=5 304 - 14ms
[2025-08-20 08:32:12] INFO: GET /notes? 304 - 69ms
[2025-08-20 08:32:12] INFO: GET /.well-known/appspecific/com.chrome.devtools.json 404 - 4ms
[2025-08-20 08:32:12] INFO: GET /notes/api?page=1&limit=5 304 - 18ms
[2025-08-20 08:32:33] INFO: GET /notes? 304 - 64ms
[2025-08-20 08:32:33] INFO: GET /.well-known/appspecific/com.chrome.devtools.json 404 - 6ms
[2025-08-20 08:32:33] INFO: GET /notes/api?page=1&limit=5 304 - 18ms
[2025-08-20 08:32:37] INFO: PUT /notes/api/689ec877ba260be2c3033e1e 200 - 25ms
[2025-08-20 08:32:37] INFO: GET /notes/api?page=1&limit=5 200 - 16ms
[2025-08-20 08:32:51] INFO: POST /notes/api 201 - 27ms
[2025-08-20 08:32:51] INFO: GET /notes/api?page=1&limit=5 200 - 14ms
[2025-08-20 08:33:07] INFO: POST /notes/api 201 - 5ms
[2025-08-20 08:33:07] INFO: GET /notes/api?page=1&limit=5 200 - 11ms
[2025-08-20 08:33:09] INFO: GET /notes/api?page=2&limit=5 304 - 6ms
[2025-08-20 08:33:19] INFO: POST /notes/api 201 - 5ms
[2025-08-20 08:33:19] INFO: GET /notes/api?page=2&limit=5 200 - 6ms
[2025-08-20 08:33:38] INFO: PUT /notes/api/689ec825ba260be2c3033dff 200 - 5ms
[2025-08-20 08:33:38] INFO: GET /notes/api?page=2&limit=5 200 - 11ms
[2025-08-20 14:07:21] INFO: GET / 302 - 16ms
[2025-08-20 14:07:21] INFO: GET /notes 200 - 116ms
[2025-08-20 14:07:22] INFO: GET /favicon.ico 404 - 4ms
[2025-08-20 14:07:22] INFO: GET /notes/api?page=1&limit=5 200 - 29ms
[2025-08-20 14:09:21] INFO: GET /notes/api?page=2&limit=5 304 - 7ms
[2025-08-20 14:09:23] INFO: GET /notes/api?page=1&limit=5 304 - 6ms
[2025-08-20 14:09:29] INFO: GET /notes/api?page=2&limit=5 304 - 8ms
[2025-08-20 14:09:46] INFO: POST /notes/api 201 - 18ms
[2025-08-20 14:09:46] INFO: GET /notes/api?page=2&limit=5 200 - 10ms
[2025-08-20 14:09:52] INFO: POST /notes/api 201 - 5ms
[2025-08-20 14:09:52] INFO: GET /notes/api?page=2&limit=5 200 - 4ms
[2025-08-20 14:09:55] INFO: POST /notes/api 201 - 3ms
[2025-08-20 14:09:55] INFO: GET /notes/api?page=2&limit=5 200 - 4ms
[2025-08-20 14:09:59] INFO: POST /notes/api 201 - 4ms
[2025-08-20 14:09:59] INFO: GET /notes/api?page=2&limit=5 200 - 6ms
[2025-08-20 14:10:02] INFO: GET /notes/api?page=3&limit=5 200 - 7ms
[2025-08-20 14:10:03] INFO: GET /notes/api?page=2&limit=5 304 - 4ms
[2025-08-20 14:14:26] INFO: GET /notes/api/search?query=bahaa 200 - 5ms
[2025-08-20 14:15:23] INFO: GET /notes/api/search?query=bahaa 304 - 64ms
[2025-08-20 14:15:25] INFO: GET /notes 200 - 57ms
[2025-08-20 14:15:25] INFO: GET /notes/api?page=1&limit=5 200 - 15ms
[2025-08-20 14:15:30] INFO: GET /notes/api/search?query=bahaa 304 - 6ms
